Error: hello
    at scopeThrow (/scripts/promise-child-stack.js:5:17)
    at <anonymous>
    at ____________________
    at Promise.then (<anonymous>)
    at Object.<anonymous> (/scripts/promise-child-stack.js:4:15)
    at ____________________
    at Function.resolve (<anonymous>)
    at Object.<anonymous> (/scripts/promise-child-stack.js:3:20)
