/scripts/regression-net-socket.js:6
  throw new Error('trace');
  ^

Error: trace
    at Server.<anonymous> (/scripts/regression-net-socket.js:6:9)
    at ____________________
    at ____________________
    at Object.<anonymous> (/scripts/regression-net-socket.js:9:8)
