/scripts/regression-net-connect.js:11
  throw error;
  ^

Error: connect ECONNREFUSED 127.0.0.1:24075
    at ____________________
    at ____________________
    at ____________________
    at Object.<anonymous> (/scripts/regression-net-connect.js:9:20)
