/scripts/simple-fs-read.js:10
  throw new Error('trace');
  ^

Error: trace
    at callback (/scripts/simple-fs-read.js:10:9)
    at ____________________
    at ____________________
    at ____________________
    at ____________________
    at Object.<anonymous> (/scripts/simple-fs-read.js:9:4)
